<?xml version="1.0" encoding="UTF-8"?>
<TestRun id="bbcf791b-4e9e-48a7-a7b9-8c4576623b64" name="imran@IMRAN_430 2016-02-24 14:55:18" runUser="IMRAN_430\imran" xmlns="http://microsoft.com/schemas/VisualStudio/TeamTest/2010">
  <TestSettings name="Local" id="0a57a8f1-bdbe-40a6-b565-abf6e0ef0390">
    <Description>These are default test settings for a local test run.</Description>
    <Deployment enabled="false" runDeploymentRoot="imran_IMRAN_430 2016-02-24 14_55_18">
      <DeploymentItem filename="D:\aspose\swagger\swagger-codegen-2.0.17\aspose\csharp\barcode\packages\LinqBridge.1.3.0\lib\net20\LinqBridge.dll" />
      <DeploymentItem filename="D:\aspose\swagger\swagger-codegen-2.0.17\aspose\csharp\barcode\packages\Aspose.Storage-Cloud.1.0.2\lib\net20\Aspose.Storage-Cloud.dll" />
      <DeploymentItem filename="D:\aspose\swagger\swagger-codegen-2.0.17\aspose\csharp\barcode\bin\Debug\Aspose.BarCode-Cloud.exe" />
      <DeploymentItem filename="D:\aspose\swagger\swagger-codegen-2.0.17\aspose\csharp\barcode\packages\Newtonsoft.Json.8.0.2\lib\net20\Newtonsoft.Json.dll" />
    </Deployment>
    <Execution>
      <TestTypeSpecific />
      <AgentRule name="Execution Agents">
      </AgentRule>
    </Execution>
  </TestSettings>
  <Times creation="2016-02-24T14:55:18.7141212+05:00" queuing="2016-02-24T14:55:18.7549572+05:00" start="2016-02-24T14:55:18.7629632+05:00" finish="2016-02-24T14:55:40.3756866+05:00" />
  <ResultSummary outcome="Completed">
    <Counters total="7" executed="7" passed="7" error="0" failed="0" timeout="0" aborted="0" inconclusive="0" passedButRunAborted="0" notRunnable="0" notExecuted="0" disconnected="0" warning="0" completed="0" inProgress="0" pending="0" />
  </ResultSummary>
  <TestDefinitions>
    <UnitTest name="TestPostBarcodeRecognizeFromUrlorContent" storage="d:\aspose\swagger\swagger-codegen-2.0.17\aspose\csharp\barcode\barcodetest\bin\debug\barcodetest.dll" id="9f446ae8-b421-7066-5c2a-2514ec9968d1">
      <Execution id="929362b6-e700-4c16-acd7-2f5dd881e345" />
      <TestMethod codeBase="D:/aspose/swagger/swagger-codegen-2.0.17/aspose/csharp/barcode/BarcodeTest/bin/Debug/BarcodeTest.DLL" adapterTypeName="Microsoft.VisualStudio.TestTools.TestTypes.Unit.UnitTestAdapter, Microsoft.VisualStudio.QualityTools.Tips.UnitTest.Adapter, Version=10.0.0.0, Culture=neutral, PublicKeyToken=b03f5f7f11d50a3a" className="BarcodeTest.TestBarcodeApi, BarcodeTest, Version=1.0.0.0, Culture=neutral, PublicKeyToken=null" name="TestPostBarcodeRecognizeFromUrlorContent" />
    </UnitTest>
    <UnitTest name="TestPostGenerateMultiple" storage="d:\aspose\swagger\swagger-codegen-2.0.17\aspose\csharp\barcode\barcodetest\bin\debug\barcodetest.dll" id="b7e9b6d9-b85d-486c-7233-431718543a26">
      <Execution id="953493a8-e96f-45bb-adb1-4ad8d26fe55e" />
      <TestMethod codeBase="D:/aspose/swagger/swagger-codegen-2.0.17/aspose/csharp/barcode/BarcodeTest/bin/Debug/BarcodeTest.DLL" adapterTypeName="Microsoft.VisualStudio.TestTools.TestTypes.Unit.UnitTestAdapter, Microsoft.VisualStudio.QualityTools.Tips.UnitTest.Adapter, Version=10.0.0.0, Culture=neutral, PublicKeyToken=b03f5f7f11d50a3a" className="BarcodeTest.TestBarcodeApi, BarcodeTest, Version=1.0.0.0, Culture=neutral, PublicKeyToken=null" name="TestPostGenerateMultiple" />
    </UnitTest>
    <UnitTest name="TestPutGenerateMultiple" storage="d:\aspose\swagger\swagger-codegen-2.0.17\aspose\csharp\barcode\barcodetest\bin\debug\barcodetest.dll" id="6a54f03e-7715-20a3-adbf-4e1866469c58">
      <Execution id="9c1e7228-bf61-4536-ac47-783087a9e036" />
      <TestMethod codeBase="D:/aspose/swagger/swagger-codegen-2.0.17/aspose/csharp/barcode/BarcodeTest/bin/Debug/BarcodeTest.DLL" adapterTypeName="Microsoft.VisualStudio.TestTools.TestTypes.Unit.UnitTestAdapter, Microsoft.VisualStudio.QualityTools.Tips.UnitTest.Adapter, Version=10.0.0.0, Culture=neutral, PublicKeyToken=b03f5f7f11d50a3a" className="BarcodeTest.TestBarcodeApi, BarcodeTest, Version=1.0.0.0, Culture=neutral, PublicKeyToken=null" name="TestPutGenerateMultiple" />
    </UnitTest>
    <UnitTest name="TestPutBarcodeGenerateFile" storage="d:\aspose\swagger\swagger-codegen-2.0.17\aspose\csharp\barcode\barcodetest\bin\debug\barcodetest.dll" id="824ac155-f354-fab1-7800-a563430a89f2">
      <Execution id="25416e64-5b13-4155-9057-fe877995c0ab" />
      <TestMethod codeBase="D:/aspose/swagger/swagger-codegen-2.0.17/aspose/csharp/barcode/BarcodeTest/bin/Debug/BarcodeTest.DLL" adapterTypeName="Microsoft.VisualStudio.TestTools.TestTypes.Unit.UnitTestAdapter, Microsoft.VisualStudio.QualityTools.Tips.UnitTest.Adapter, Version=10.0.0.0, Culture=neutral, PublicKeyToken=b03f5f7f11d50a3a" className="BarcodeTest.TestBarcodeApi, BarcodeTest, Version=1.0.0.0, Culture=neutral, PublicKeyToken=null" name="TestPutBarcodeGenerateFile" />
    </UnitTest>
    <UnitTest name="TestGetBarcodeRecognize" storage="d:\aspose\swagger\swagger-codegen-2.0.17\aspose\csharp\barcode\barcodetest\bin\debug\barcodetest.dll" id="b79ca74c-17a0-2a80-d514-2ee3f50d2ac0">
      <Execution id="4738da67-ddc2-448c-82c0-40cb18432b11" />
      <TestMethod codeBase="D:/aspose/swagger/swagger-codegen-2.0.17/aspose/csharp/barcode/BarcodeTest/bin/Debug/BarcodeTest.DLL" adapterTypeName="Microsoft.VisualStudio.TestTools.TestTypes.Unit.UnitTestAdapter, Microsoft.VisualStudio.QualityTools.Tips.UnitTest.Adapter, Version=10.0.0.0, Culture=neutral, PublicKeyToken=b03f5f7f11d50a3a" className="BarcodeTest.TestBarcodeApi, BarcodeTest, Version=1.0.0.0, Culture=neutral, PublicKeyToken=null" name="TestGetBarcodeRecognize" />
    </UnitTest>
    <UnitTest name="TestGetBarcodeGenerate" storage="d:\aspose\swagger\swagger-codegen-2.0.17\aspose\csharp\barcode\barcodetest\bin\debug\barcodetest.dll" id="8096e969-e7ae-42d9-2b27-eaa1801180e6">
      <Execution id="8f9b5a51-524e-46d5-a929-9e265db72e93" />
      <TestMethod codeBase="D:/aspose/swagger/swagger-codegen-2.0.17/aspose/csharp/barcode/BarcodeTest/bin/Debug/BarcodeTest.DLL" adapterTypeName="Microsoft.VisualStudio.TestTools.TestTypes.Unit.UnitTestAdapter, Microsoft.VisualStudio.QualityTools.Tips.UnitTest.Adapter, Version=10.0.0.0, Culture=neutral, PublicKeyToken=b03f5f7f11d50a3a" className="BarcodeTest.TestBarcodeApi, BarcodeTest, Version=1.0.0.0, Culture=neutral, PublicKeyToken=null" name="TestGetBarcodeGenerate" />
    </UnitTest>
    <UnitTest name="TestPutBarcodeRecognizeFromBody" storage="d:\aspose\swagger\swagger-codegen-2.0.17\aspose\csharp\barcode\barcodetest\bin\debug\barcodetest.dll" id="d8b4a121-bc21-c4c0-030f-4a2452fefa08">
      <Execution id="08f14706-1d35-4315-af48-5edfe241bb72" />
      <TestMethod codeBase="D:/aspose/swagger/swagger-codegen-2.0.17/aspose/csharp/barcode/BarcodeTest/bin/Debug/BarcodeTest.DLL" adapterTypeName="Microsoft.VisualStudio.TestTools.TestTypes.Unit.UnitTestAdapter, Microsoft.VisualStudio.QualityTools.Tips.UnitTest.Adapter, Version=10.0.0.0, Culture=neutral, PublicKeyToken=b03f5f7f11d50a3a" className="BarcodeTest.TestBarcodeApi, BarcodeTest, Version=1.0.0.0, Culture=neutral, PublicKeyToken=null" name="TestPutBarcodeRecognizeFromBody" />
    </UnitTest>
  </TestDefinitions>
  <TestLists>
    <TestList name="Results Not in a List" id="8c84fa94-04c1-424b-9868-57a2d4851a1d" />
    <TestList name="All Loaded Results" id="19431567-8539-422a-85d7-44ee4e166bda" />
  </TestLists>
  <TestEntries>
    <TestEntry testId="6a54f03e-7715-20a3-adbf-4e1866469c58" executionId="9c1e7228-bf61-4536-ac47-783087a9e036" testListId="8c84fa94-04c1-424b-9868-57a2d4851a1d" />
    <TestEntry testId="b7e9b6d9-b85d-486c-7233-431718543a26" executionId="953493a8-e96f-45bb-adb1-4ad8d26fe55e" testListId="8c84fa94-04c1-424b-9868-57a2d4851a1d" />
    <TestEntry testId="824ac155-f354-fab1-7800-a563430a89f2" executionId="25416e64-5b13-4155-9057-fe877995c0ab" testListId="8c84fa94-04c1-424b-9868-57a2d4851a1d" />
    <TestEntry testId="8096e969-e7ae-42d9-2b27-eaa1801180e6" executionId="8f9b5a51-524e-46d5-a929-9e265db72e93" testListId="8c84fa94-04c1-424b-9868-57a2d4851a1d" />
    <TestEntry testId="9f446ae8-b421-7066-5c2a-2514ec9968d1" executionId="929362b6-e700-4c16-acd7-2f5dd881e345" testListId="8c84fa94-04c1-424b-9868-57a2d4851a1d" />
    <TestEntry testId="b79ca74c-17a0-2a80-d514-2ee3f50d2ac0" executionId="4738da67-ddc2-448c-82c0-40cb18432b11" testListId="8c84fa94-04c1-424b-9868-57a2d4851a1d" />
    <TestEntry testId="d8b4a121-bc21-c4c0-030f-4a2452fefa08" executionId="08f14706-1d35-4315-af48-5edfe241bb72" testListId="8c84fa94-04c1-424b-9868-57a2d4851a1d" />
  </TestEntries>
  <Results>
    <UnitTestResult executionId="9c1e7228-bf61-4536-ac47-783087a9e036" testId="6a54f03e-7715-20a3-adbf-4e1866469c58" testName="TestPutGenerateMultiple" computerName="IMRAN_430" duration="00:00:01.9048061" startTime="2016-02-24T14:55:18.7649642+05:00" endTime="2016-02-24T14:55:20.8603397+05:00" testType="13cdc9d9-ddb5-4fa4-a97d-d965ccfc6d4b" outcome="Passed" testListId="8c84fa94-04c1-424b-9868-57a2d4851a1d" relativeResultsDirectory="9c1e7228-bf61-4536-ac47-783087a9e036">
    </UnitTestResult>
    <UnitTestResult executionId="953493a8-e96f-45bb-adb1-4ad8d26fe55e" testId="b7e9b6d9-b85d-486c-7233-431718543a26" testName="TestPostGenerateMultiple" computerName="IMRAN_430" duration="00:00:01.5190896" startTime="2016-02-24T14:55:20.8613234+05:00" endTime="2016-02-24T14:55:22.3829087+05:00" testType="13cdc9d9-ddb5-4fa4-a97d-d965ccfc6d4b" outcome="Passed" testListId="8c84fa94-04c1-424b-9868-57a2d4851a1d" relativeResultsDirectory="953493a8-e96f-45bb-adb1-4ad8d26fe55e">
    </UnitTestResult>
    <UnitTestResult executionId="25416e64-5b13-4155-9057-fe877995c0ab" testId="824ac155-f354-fab1-7800-a563430a89f2" testName="TestPutBarcodeGenerateFile" computerName="IMRAN_430" duration="00:00:01.2533248" startTime="2016-02-24T14:55:22.3858816+05:00" endTime="2016-02-24T14:55:23.6455170+05:00" testType="13cdc9d9-ddb5-4fa4-a97d-d965ccfc6d4b" outcome="Passed" testListId="8c84fa94-04c1-424b-9868-57a2d4851a1d" relativeResultsDirectory="25416e64-5b13-4155-9057-fe877995c0ab">
    </UnitTestResult>
    <UnitTestResult executionId="8f9b5a51-524e-46d5-a929-9e265db72e93" testId="8096e969-e7ae-42d9-2b27-eaa1801180e6" testName="TestGetBarcodeGenerate" computerName="IMRAN_430" duration="00:00:05.9509732" startTime="2016-02-24T14:55:23.6494910+05:00" endTime="2016-02-24T14:55:29.6072801+05:00" testType="13cdc9d9-ddb5-4fa4-a97d-d965ccfc6d4b" outcome="Passed" testListId="8c84fa94-04c1-424b-9868-57a2d4851a1d" relativeResultsDirectory="8f9b5a51-524e-46d5-a929-9e265db72e93">
    </UnitTestResult>
    <UnitTestResult executionId="929362b6-e700-4c16-acd7-2f5dd881e345" testId="9f446ae8-b421-7066-5c2a-2514ec9968d1" testName="TestPostBarcodeRecognizeFromUrlorContent" computerName="IMRAN_430" duration="00:00:02.9000055" startTime="2016-02-24T14:55:29.6102818+05:00" endTime="2016-02-24T14:55:32.5154539+05:00" testType="13cdc9d9-ddb5-4fa4-a97d-d965ccfc6d4b" outcome="Passed" testListId="8c84fa94-04c1-424b-9868-57a2d4851a1d" relativeResultsDirectory="929362b6-e700-4c16-acd7-2f5dd881e345">
    </UnitTestResult>
    <UnitTestResult executionId="4738da67-ddc2-448c-82c0-40cb18432b11" testId="b79ca74c-17a0-2a80-d514-2ee3f50d2ac0" testName="TestGetBarcodeRecognize" computerName="IMRAN_430" duration="00:00:03.5930886" startTime="2016-02-24T14:55:32.5174526+05:00" endTime="2016-02-24T14:55:36.1136732+05:00" testType="13cdc9d9-ddb5-4fa4-a97d-d965ccfc6d4b" outcome="Passed" testListId="8c84fa94-04c1-424b-9868-57a2d4851a1d" relativeResultsDirectory="4738da67-ddc2-448c-82c0-40cb18432b11">
    </UnitTestResult>
    <UnitTestResult executionId="08f14706-1d35-4315-af48-5edfe241bb72" testId="d8b4a121-bc21-c4c0-030f-4a2452fefa08" testName="TestPutBarcodeRecognizeFromBody" computerName="IMRAN_430" duration="00:00:04.2120874" startTime="2016-02-24T14:55:36.1166473+05:00" endTime="2016-02-24T14:55:40.3366594+05:00" testType="13cdc9d9-ddb5-4fa4-a97d-d965ccfc6d4b" outcome="Passed" testListId="8c84fa94-04c1-424b-9868-57a2d4851a1d" relativeResultsDirectory="08f14706-1d35-4315-af48-5edfe241bb72">
    </UnitTestResult>
  </Results>
</TestRun>